// Jest Snapshot v1, https://goo.gl/fbAQLP

exports[`should render EditExpensePage correctly 1`] = `
<div>
  <ExpenseForm
    expense={
      Object {
        "amount": 900,
        "createAt": -345600000,
        "description": "Gum Bill",
        "id": "1",
        "note": "This was the fial payment for gum",
      }
    }
    isUpdate={true}
    onSubmit={[Function]}
  />
  <button
    onClick={[Function]}
  >
    Remove
  </button>
</div>
`;
