// Jest Snapshot v1, https://goo.gl/fbAQLP

exports[`should render ExpenseListItem with expense correctly 1`] = `
<div>
  <Link
    to="/edit/1"
  >
    <h3>
      Gum Bill
    </h3>
  </Link>
  <p>
    $
    900
     -- 
    -345600000
  </p>
</div>
`;
